# pass-cli inject template — secret NAME map (contains NO secret values).
# Format: a marker line "<<<ENV_VAR_NAME", then a pass:// vault/item/field ref
# in double braces on the next line. Do NOT put brace-refs in comments -- they
# are resolved too!
# Values are parsed as data (never eval'd) by .zsh-secrets.zsh.
<<<OPENCODE_ZEN_API_KEY
{{ pass://Personal/OPENCODE_ZEN_API_KEY/note }}
<<<TAVILY_API_KEY
{{ pass://Personal/TAVILY_API_KEY/note }}
<<<OPENROUTER_API_KEY
{{ pass://Personal/OPENROUTER_API_KEY/note }}
<<<MINIMAX_API_KEY
{{ pass://Personal/MINIMAX_API_KEY/note }}
<<<ZAI_API_KEY
{{ pass://Personal/ZAI_API_KEY/note }}
<<<QWENCLOUD_TOKEN_PLAN_API_KEY
{{ pass://Personal/QWENCLOUD_TOKEN_PLAN_API_KEY/note }}
<<<HERMES_SUDO_PWD
{{ pass://Personal/HERMES_SUDO_PWD/pwd }}
<<<PREVIEW_SUDO_PWD
{{ pass://Personal/PREVIEW_SUDO_PWD/pwd }}
<<<ADV_PROD_MYSQL_URI
{{ pass://Personal/ADV_PROD_MYSQL_URI/note }}
# The two advangrid frontends are referenced by Share ID + Item ID, not by
# title: a trashed duplicate titled `dozzle.advangrid.com` shadows the active
# item, so title lookup silently returns the stale credentials.
<<<ADV_PROD_DOZZLE_USER
{{ pass://L7pxb7xCT2Rw1xCHFfejAGaw1TjZmiILPnuFE6sngeXMNlAIKzezk-U3egOVE2G3NeS05U8JjKXOFMTj4V4U8A==/7BeP7vTJPzXIDGl07WNRQYq239OoK71399SzsjmI32IxgO4jMdQhlrVCvDhOTH1W7habF9riHMmQpDJxhV7AiA==/username }}
<<<ADV_PROD_DOZZLE_PWD
{{ pass://L7pxb7xCT2Rw1xCHFfejAGaw1TjZmiILPnuFE6sngeXMNlAIKzezk-U3egOVE2G3NeS05U8JjKXOFMTj4V4U8A==/7BeP7vTJPzXIDGl07WNRQYq239OoK71399SzsjmI32IxgO4jMdQhlrVCvDhOTH1W7habF9riHMmQpDJxhV7AiA==/password }}
<<<ADV_PROD_INNGEST_USER
{{ pass://L7pxb7xCT2Rw1xCHFfejAGaw1TjZmiILPnuFE6sngeXMNlAIKzezk-U3egOVE2G3NeS05U8JjKXOFMTj4V4U8A==/184gP3baSqDsNa348yXFwVbFD0bWy2Hb5pzd-lp3uHeMCvpHlDpBvJMVovX6dKQI4o-9YAf1t90PdMZaxd5neQ==/username }}
<<<ADV_PROD_INNGEST_PWD
{{ pass://L7pxb7xCT2Rw1xCHFfejAGaw1TjZmiILPnuFE6sngeXMNlAIKzezk-U3egOVE2G3NeS05U8JjKXOFMTj4V4U8A==/184gP3baSqDsNa348yXFwVbFD0bWy2Hb5pzd-lp3uHeMCvpHlDpBvJMVovX6dKQI4o-9YAf1t90PdMZaxd5neQ==/password }}
